// Jest Snapshot v1, https://goo.gl/fbAQLP

exports[`<ClientTable /> rendering should render correctly 1`] = `
<div
  className="MuiPaper-root makeStyles-root-6 MuiPaper-elevation1 MuiPaper-rounded"
>
  <div
    className="MuiTableContainer-root makeStyles-container-7"
  >
    <table
      aria-label="sticky table"
      className="MuiTable-root MuiTable-stickyHeader"
      role={null}
    >
      <thead
        className="MuiTableHead-root"
        role={null}
      >
        <tr
          className="MuiTableRow-root MuiTableRow-head"
          role={null}
        >
          <th
            aria-sort={null}
            className="MuiTableCell-root MuiTableCell-head WithStyles(ForwardRef(TableCell))-head-9 MuiTableCell-stickyHeader"
            scope="col"
            style={
              Object {
                "minWidth": 50,
              }
            }
          >
            Name
          </th>
          <th
            aria-sort={null}
            className="MuiTableCell-root MuiTableCell-head WithStyles(ForwardRef(TableCell))-head-9 MuiTableCell-alignCenter MuiTableCell-stickyHeader"
            scope="col"
            style={
              Object {
                "minWidth": 170,
              }
            }
          >
            Head Count
          </th>
          <th
            aria-sort={null}
            className="MuiTableCell-root MuiTableCell-head WithStyles(ForwardRef(TableCell))-head-9 MuiTableCell-alignCenter MuiTableCell-stickyHeader"
            scope="col"
            style={
              Object {
                "minWidth": 170,
              }
            }
          >
            Public
          </th>
        </tr>
      </thead>
      <tbody
        className="MuiTableBody-root"
        role={null}
      />
    </table>
  </div>
  <div
    className="MuiTablePagination-root"
  >
    <div
      className="MuiToolbar-root MuiToolbar-regular MuiTablePagination-toolbar MuiToolbar-gutters"
    >
      <div
        className="MuiTablePagination-spacer"
      />
      <p
        className="MuiTypography-root MuiTablePagination-caption MuiTypography-body2 MuiTypography-colorInherit"
      >
        Rows per page:
      </p>
      <div
        className="MuiInputBase-root MuiTablePagination-input MuiTablePagination-selectRoot"
        onClick={[Function]}
      >
        <div
          aria-haspopup="listbox"
          className="MuiSelect-root MuiSelect-select MuiTablePagination-select MuiSelect-selectMenu MuiInputBase-input"
          onBlur={[Function]}
          onFocus={[Function]}
          onKeyDown={[Function]}
          onMouseDown={[Function]}
          role="button"
          tabIndex={0}
        >
          10
        </div>
        <input
          aria-hidden={true}
          className="MuiSelect-nativeInput"
          onAnimationStart={[Function]}
          onChange={[Function]}
          tabIndex={-1}
          value={10}
        />
        <svg
          aria-hidden={true}
          className="MuiSvgIcon-root MuiSelect-icon MuiTablePagination-selectIcon"
          focusable="false"
          viewBox="0 0 24 24"
        >
          <path
            d="M7 10l5 5 5-5z"
          />
        </svg>
      </div>
      <p
        className="MuiTypography-root MuiTablePagination-caption MuiTypography-body2 MuiTypography-colorInherit"
      >
        0-0 of 0
      </p>
      <div
        className="MuiTablePagination-actions"
      >
        <button
          aria-label="Previous page"
          className="MuiButtonBase-root MuiIconButton-root MuiIconButton-colorInherit Mui-disabled Mui-disabled"
          disabled={true}
          onBlur={[Function]}
          onClick={[Function]}
          onDragLeave={[Function]}
          onFocus={[Function]}
          onKeyDown={[Function]}
          onKeyUp={[Function]}
          onMouseDown={[Function]}
          onMouseLeave={[Function]}
          onMouseUp={[Function]}
          onTouchEnd={[Function]}
          onTouchMove={[Function]}
          onTouchStart={[Function]}
          tabIndex={-1}
          title="Previous page"
          type="button"
        >
          <span
            className="MuiIconButton-label"
          >
            <svg
              aria-hidden={true}
              className="MuiSvgIcon-root"
              focusable="false"
              viewBox="0 0 24 24"
            >
              <path
                d="M15.41 16.09l-4.58-4.59 4.58-4.59L14 5.5l-6 6 6 6z"
              />
            </svg>
          </span>
        </button>
        <button
          aria-label="Next page"
          className="MuiButtonBase-root MuiIconButton-root MuiIconButton-colorInherit Mui-disabled Mui-disabled"
          disabled={true}
          onBlur={[Function]}
          onClick={[Function]}
          onDragLeave={[Function]}
          onFocus={[Function]}
          onKeyDown={[Function]}
          onKeyUp={[Function]}
          onMouseDown={[Function]}
          onMouseLeave={[Function]}
          onMouseUp={[Function]}
          onTouchEnd={[Function]}
          onTouchMove={[Function]}
          onTouchStart={[Function]}
          tabIndex={-1}
          title="Next page"
          type="button"
        >
          <span
            className="MuiIconButton-label"
          >
            <svg
              aria-hidden={true}
              className="MuiSvgIcon-root"
              focusable="false"
              viewBox="0 0 24 24"
            >
              <path
                d="M8.59 16.34l4.58-4.59-4.58-4.59L10 5.75l6 6-6 6z"
              />
            </svg>
          </span>
        </button>
      </div>
    </div>
  </div>
  <div />
</div>
`;

exports[`<MemberList /> rendering should render correctly 1`] = `
<nav
  aria-labelledby="nested-list-subheader"
  className="MuiList-root makeStyles-root-20 MuiList-padding"
>
  <div
    aria-disabled={false}
    className="MuiButtonBase-root MuiListItem-root MuiListItem-gutters MuiListItem-button"
    onBlur={[Function]}
    onClick={[Function]}
    onDragLeave={[Function]}
    onFocus={[Function]}
    onKeyDown={[Function]}
    onKeyUp={[Function]}
    onMouseDown={[Function]}
    onMouseLeave={[Function]}
    onMouseUp={[Function]}
    onTouchEnd={[Function]}
    onTouchMove={[Function]}
    onTouchStart={[Function]}
    role="button"
    tabIndex={0}
  >
    <div
      className="MuiListItemIcon-root"
    >
      <svg
        aria-hidden={true}
        className="MuiSvgIcon-root"
        focusable="false"
        viewBox="0 0 24 24"
      >
        <path
          d="M12 2C6.48 2 2 6.48 2 12s4.48 10 10 10 10-4.48 10-10S17.52 2 12 2zm0 3c1.66 0 3 1.34 3 3s-1.34 3-3 3-3-1.34-3-3 1.34-3 3-3zm0 14.2c-2.5 0-4.71-1.28-6-3.22.03-1.99 4-3.08 6-3.08 1.99 0 5.97 1.09 6 3.08-1.29 1.94-3.5 3.22-6 3.22z"
        />
      </svg>
    </div>
    <div
      className="MuiListItemText-root"
    >
      <span
        className="MuiTypography-root MuiListItemText-primary MuiTypography-body1 MuiTypography-displayBlock"
      >
        Members
      </span>
    </div>
    <svg
      aria-hidden={true}
      className="MuiSvgIcon-root"
      focusable="false"
      viewBox="0 0 24 24"
    >
      <path
        d="M16.59 8.59L12 13.17 7.41 8.59 6 10l6 6 6-6z"
      />
    </svg>
    <span
      className="MuiTouchRipple-root"
    />
  </div>
</nav>
`;
